<html>
<body>
<pre>
<h1>µVision Build Log</h1>
<h2>Tool Versions:</h2>
IDE-Version: £gVision V5.32.0.0
Copyright (C) 2020 ARM Ltd and ARM Germany GmbH. All rights reserved.
License Information: Yue Lee, NA, LIC=----
 
Tool Versions:
Toolchain:       MDK-Lite  Version: 5.32.0.0
Toolchain Path:  C:\Keil_v5\ARM\ARMCC\Bin
C Compiler:      Armcc.exe V5.06 update 7 (build 960)
Assembler:       Armasm.exe V5.06 update 7 (build 960)
Linker/Locator:  ArmLink.exe V5.06 update 7 (build 960)
Library Manager: ArmAr.exe V5.06 update 7 (build 960)
Hex Converter:   FromElf.exe V5.06 update 7 (build 960)
CPU DLL:         SARMCM3.DLL V5.32.0.0
Dialog DLL:      DCM.DLL V1.17.3.0
Target DLL:      STLink\ST-LINKIII-KEIL_SWO.dll V3.0.8.0
Dialog DLL:      TCM.DLL V1.46.0.0
 
<h2>Project:</h2>
D:\Workspace\H001\MDK-ARM\Project.uvprojx
Project File Date:  02/06/2021

<h2>Output:</h2>
*** Using Compiler 'V5.06 update 7 (build 960)', folder: 'C:\Keil_v5\ARM\ARMCC\Bin'
*** Note: Rebuilding project, since 'Options->Output->Create Batch File' is selected.
Rebuild target 'STM32F030R8-Nucleo'
assembling startup_stm32f030x8.s...
compiling stm32f0xx_nucleo.c...
compiling main.c...
..\Src\main.c(1440): warning:  #181-D: argument is incompatible with corresponding format string conversion
                printf("\n\r «Ý¾÷¤U­­V = %2.3f V/ I = %2.2f A/ AD = %d",Volt_StandBy_32f,Volt_StandBy_32f*20/1.825, ADC_StandBy_b_16u* iWeight_Vstb_8u);
..\Src\main.c(1511): warning:  #177-D: variable "Grade_tmp_8u"  was declared but never referenced
        uint8_t Grade_tmp_8u;
..\Src\main.c(1512): warning:  #177-D: variable "TM_OPEN_A"  was declared but never referenced
        uint16_t TM_OPEN_A,TM_CLOSE_A;
..\Src\main.c(1510): warning:  #177-D: function "OpEnd_Detect_Close"  was declared but never referenced
  static void OpEnd_Detect_Close(void){
..\Src\main.c(586): warning:  #177-D: function "Debug_Monitor"  was declared but never referenced
  static void Debug_Monitor(void){
..\Src\main.c(4669): warning:  #177-D: function "Fun_Break_AFT_Open"  was declared but never referenced
  static void Fun_Break_AFT_Open(void){
..\Src\main.c: 6 warnings, 0 errors
compiling stm32f0xx_it.c...
compiling stm32f0xx_hal_msp.c...
compiling system_stm32f0xx.c...
compiling stm32f0xx_hal.c...
compiling stm32f0xx_hal_cortex.c...
compiling stm32f0xx_hal_gpio.c...
compiling stm32f0xx_hal_rcc.c...
compiling stm32f0xx_hal_rcc_ex.c...
compiling stm32f0xx_hal_tim.c...
compiling stm32f0xx_hal_dma.c...
compiling stm32f0xx_hal_tim_ex.c...
compiling stm32f0xx_hal_adc.c...
compiling stm32f0xx_hal_adc_ex.c...
compiling stm32f0xx_hal_uart.c...
compiling stm32f0xx_hal_i2c.c...
compiling stm32f0xx_hal_i2c_ex.c...
linking...
Program Size: Code=28356 RO-data=236 RW-data=356 ZI-data=1860  
FromELF: creating hex file...
"..\Output\H001.axf" - 0 Error(s), 6 Warning(s).

<h2>Software Packages used:</h2>

Package Vendor: ARM
                http://www.keil.com/pack/ARM.CMSIS.5.7.0.pack
                ARM.CMSIS.5.7.0
                CMSIS (Cortex Microcontroller Software Interface Standard)
   * Component: CORE Version: 5.4.0

Package Vendor: Keil
                http://www.keil.com/pack/Keil.STM32F0xx_DFP.2.1.0.pack
                Keil.STM32F0xx_DFP.2.1.0
                STMicroelectronics STM32F0 Series Device Support, Drivers and Examples

<h2>Collection of Component include folders:</h2>
  .\RTE\_STM32F030R8-Nucleo
  C:\Users\kid05\AppData\Local\Arm\Packs\ARM\CMSIS\5.7.0\CMSIS\Core\Include
  C:\Users\kid05\AppData\Local\Arm\Packs\Keil\STM32F0xx_DFP\2.1.0\Drivers\CMSIS\Device\ST\STM32F0xx\Include

<h2>Collection of Component Files used:</h2>

   * Component: ARM::CMSIS:CORE:5.4.0
Build Time Elapsed:  00:00:08
</pre>
</body>
</html>
